뿯붿index.tsx(8,25): error TS2307: Cannot find module '@sentry/react' or its corresponding type declarations.
vite.config.ts(3,25): error TS2307: Cannot find module 'vite-plugin-pwa' or its corresponding type declarations.
