components/Dashboard.tsx(507,9): error TS2657: JSX expressions must have one parent element.
components/Dashboard.tsx(566,18): error TS17008: JSX element 'main' has no corresponding closing tag.
components/Dashboard.tsx(763,37): error TS1382: Unexpected token. Did you mean `{'>'}` or `&gt;`?
components/Dashboard.tsx(781,37): error TS1005: ')' expected.
components/Dashboard.tsx(865,26): error TS1381: Unexpected token. Did you mean `{'}'}` or `&rbrace;`?
components/Dashboard.tsx(1084,17): error TS1005: ')' expected.
components/Dashboard.tsx(1085,13): error TS1109: Expression expected.
components/Dashboard.tsx(1086,19): error TS1005: ',' expected.
components/Dashboard.tsx(1090,6): error TS1128: Declaration or statement expected.
components/Dashboard.tsx(1180,9): error TS1128: Declaration or statement expected.
components/Dashboard.tsx(1181,5): error TS1109: Expression expected.
components/Dashboard.tsx(1182,1): error TS1128: Declaration or statement expected.
